split,extract,split1
"Reported crime in Alabama","Alabama",
"2004","Alaska","4029.3"
"2005","Alaska","3900"
"2006","Alaska","3937"
"2007","Alaska","3974.9"
"2008","Alaska","4081.9"
"Reported crime in Alaska","Alaska",
"2004","Arizona","3370.9"
"2005","Arizona","3615"
"2006","Arizona","3582"
"2007","Arizona","3373.9"
"2008","Arizona","2928.3"
"Reported crime in Arizona","Arizona",
"2004","Arkansas","5073.3"
"2005","Arkansas","4827"
"2006","Arkansas","4741.6"
"2007","Arkansas","4502.6"
"2008","Arkansas","4087.3"
"Reported crime in Arkansas","Arkansas",
"2004","California","4033.1"
"2005","California","4068"
"2006","California","4021.6"
"2007","California","3945.5"
"2008","California","3843.7"
"Reported crime in California","California",
"2004","Colorado","3423.9"
"2005","Colorado","3321"
"2006","Colorado","3175.2"
"2007","Colorado","3032.6"
"2008","Colorado","2940.3"
"Reported crime in Colorado","Colorado",
"2004","Connecticut","3918.5"
"2005","Connecticut","4041"
"2006","Connecticut","3441.8"
"2007","Connecticut","2991.3"
"2008","Connecticut","2856.7"
"Reported crime in Connecticut","Connecticut",
"2004","Delaware","2684.9"
"2005","Delaware","2579"
"2006","Delaware","2575"
"2007","Delaware","2470.6"
"2008","Delaware","2490.8"
"Reported crime in Delaware","Delaware",
"2004","District of Columbia","3283.6"
"2005","District of Columbia","3118"
"2006","District of Columbia","3474.5"
"2007","District of Columbia","3427.1"
"2008","District of Columbia","3594.7"
"Reported crime in District of Columbia","District of Columbia",
"2004","Florida","4852.8"
"2005","Florida","4490"
"2006","Florida","4653.9"
"2007","Florida","4916.3"
"2008","Florida","5104.6"
"Reported crime in Florida","Florida",
"2004","Georgia","4182.5"
"2005","Georgia","4013"
"2006","Georgia","3986.2"
"2007","Georgia","4088.8"
"2008","Georgia","4140.6"
"Reported crime in Georgia","Georgia",
"2004","Hawaii","4223.5"
"2005","Hawaii","4145"
"2006","Hawaii","3928.8"
"2007","Hawaii","3893.1"
"2008","Hawaii","3996.6"
"Reported crime in Hawaii","Hawaii",
"2004","Idaho","4795.5"
"2005","Idaho","4800"
"2006","Idaho","4219.9"
"2007","Idaho","4119.3"
"2008","Idaho","3566.5"
"Reported crime in Idaho","Idaho",
"2004","Illinois","2781"
"2005","Illinois","2697"
"2006","Illinois","2386.9"
"2007","Illinois","2264.2"
"2008","Illinois","2116.5"
"Reported crime in Illinois","Illinois",
"2004","Indiana","3174.1"
"2005","Indiana","3092"
"2006","Indiana","3019.6"
"2007","Indiana","2935.8"
"2008","Indiana","2932.6"
"Reported crime in Indiana","Indiana",
"2004","Iowa","3403.6"
"2005","Iowa","3460"
"2006","Iowa","3464.3"
"2007","Iowa","3386.5"
"2008","Iowa","3339.6"
"Reported crime in Iowa","Iowa",
"2004","Kansas","2904.8"
"2005","Kansas","2845"
"2006","Kansas","2870.3"
"2007","Kansas","2648.6"
"2008","Kansas","2440.5"
"Reported crime in Kansas","Kansas",
"2004","Kentucky","4015.5"
"2005","Kentucky","3806"
"2006","Kentucky","3858.5"
"2007","Kentucky","3693.8"
"2008","Kentucky","3397"
"Reported crime in Kentucky","Kentucky",
"2004","Louisiana","2540.2"
"2005","Louisiana","2531"
"2006","Louisiana","2621.9"
"2007","Louisiana","2524.6"
"2008","Louisiana","2677.1"
"Reported crime in Louisiana","Louisiana",
"2004","Maine","4419.1"
"2005","Maine","3696"
"2006","Maine","4088.5"
"2007","Maine","4196.1"
"2008","Maine","3880.2"
"Reported crime in Maine","Maine",
"2004","Maryland","2413.7"
"2005","Maryland","2419"
"2006","Maryland","2546.1"
"2007","Maryland","2448.3"
"2008","Maryland","2463.7"
"Reported crime in Maryland","Maryland",
"2004","Massachusetts","3640.7"
"2005","Massachusetts","3551"
"2006","Massachusetts","3481.2"
"2007","Massachusetts","3431.5"
"2008","Massachusetts","3516"
"Reported crime in Massachusetts","Massachusetts",
"2004","Michigan","2468.2"
"2005","Michigan","2358"
"2006","Michigan","2396"
"2007","Michigan","2399.2"
"2008","Michigan","2402"
"Reported crime in Michigan","Michigan",
"2004","Minnesota","3066.1"
"2005","Minnesota","3098"
"2006","Minnesota","3226"
"2007","Minnesota","3057.8"
"2008","Minnesota","2945.7"
"Reported crime in Minnesota","Minnesota",
"2004","Mississippi","3041.6"
"2005","Mississippi","3088"
"2006","Mississippi","3088.8"
"2007","Mississippi","3045"
"2008","Mississippi","2858.1"
"Reported crime in Mississippi","Mississippi",
"2004","Missouri","3481.1"
"2005","Missouri","3274"
"2006","Missouri","3213"
"2007","Missouri","3137.8"
"2008","Missouri","2941.7"
"Reported crime in Missouri","Missouri",
"2004","Montana","3900.1"
"2005","Montana","3929"
"2006","Montana","3828.4"
"2007","Montana","3828.2"
"2008","Montana","3663.6"
"Reported crime in Montana","Montana",
"2004","Nebraska","2936.1"
"2005","Nebraska","3146"
"2006","Nebraska","2863.4"
"2007","Nebraska","2863.6"
"2008","Nebraska","2720.9"
"Reported crime in Nebraska","Nebraska",
"2004","Nevada","3519.6"
"2005","Nevada","3432"
"2006","Nevada","3364.9"
"2007","Nevada","3142.8"
"2008","Nevada","2878.3"
"Reported crime in Nevada","Nevada",
"2004","New Hampshire","4210"
"2005","New Hampshire","4246"
"2006","New Hampshire","4099.6"
"2007","New Hampshire","3785.1"
"2008","New Hampshire","3456.4"
"Reported crime in New Hampshire","New Hampshire",
"2004","New Jersey","2051.9"
"2005","New Jersey","1839"
"2006","New Jersey","2061.8"
"2007","New Jersey","1968.6"
"2008","New Jersey","2132.1"
"Reported crime in New Jersey","New Jersey",
"2004","New Mexico","2433"
"2005","New Mexico","2337"
"2006","New Mexico","2278.4"
"2007","New Mexico","2205.5"
"2008","New Mexico","2293.4"
"Reported crime in New Mexico","New Mexico",
"2004","New York","4198.4"
"2005","New York","4132"
"2006","New York","3947.5"
"2007","New York","3846.7"
"2008","New York","3817.4"
"Reported crime in New York","New York",
"2004","North Carolina","2192.5"
"2005","North Carolina","2102"
"2006","North Carolina","2063.2"
"2007","North Carolina","1992.1"
"2008","North Carolina","1993.7"
"Reported crime in North Carolina","North Carolina",
"2004","North Dakota","4160.5"
"2005","North Dakota","4080"
"2006","North Dakota","4119.5"
"2007","North Dakota","4101.8"
"2008","North Dakota","4041.1"
"Reported crime in North Dakota","North Dakota",
"2004","Ohio","1963.4"
"2005","Ohio","2025"
"2006","Ohio","2088.6"
"2007","Ohio","1996.8"
"2008","Ohio","2016.3"
"Reported crime in Ohio","Ohio",
"2004","Oklahoma","3662.3"
"2005","Oklahoma","3668"
"2006","Oklahoma","3716.2"
"2007","Oklahoma","3461.6"
"2008","Oklahoma","3419.2"
"Reported crime in Oklahoma","Oklahoma",
"2004","Oregon","4242.1"
"2005","Oregon","4047"
"2006","Oregon","3625"
"2007","Oregon","3549.8"
"2008","Oregon","3456.6"
"Reported crime in Oregon","Oregon",
"2004","Pennsylvania","4635.4"
"2005","Pennsylvania","4402"
"2006","Pennsylvania","3719.1"
"2007","Pennsylvania","3530.1"
"2008","Pennsylvania","3299.2"
"Reported crime in Pennsylvania","Pennsylvania",
"2004","Rhode Island","2417.3"
"2005","Rhode Island","2422"
"2006","Rhode Island","2451"
"2007","Rhode Island","2364.4"
"2008","Rhode Island","2412.4"
"Reported crime in Rhode Island","Rhode Island",
"2004","South Carolina","2886"
"2005","South Carolina","2728"
"2006","South Carolina","2614.6"
"2007","South Carolina","2602.2"
"2008","South Carolina","2845"
"Reported crime in South Carolina","South Carolina",
"2004","South Dakota","4536.9"
"2005","South Dakota","4370"
"2006","South Dakota","4277.1"
"2007","South Dakota","4282.6"
"2008","South Dakota","4241.2"
"Reported crime in South Dakota","South Dakota",
"2004","Tennessee","1931.6"
"2005","Tennessee","1767"
"2006","Tennessee","1811.1"
"2007","Tennessee","1774"
"2008","Tennessee","1706.1"
"Reported crime in Tennessee","Tennessee",
"2004","Texas","4326.8"
"2005","Texas","4300"
"2006","Texas","4137.7"
"2007","Texas","4092.2"
"2008","Texas","4048.3"
"Reported crime in Texas","Texas",
"2004","Utah","4497.7"
"2005","Utah","4319"
"2006","Utah","4084.2"
"2007","Utah","4121.6"
"2008","Utah","3987"
"Reported crime in Utah","Utah",
"2004","Vermont","4038.6"
"2005","Vermont","3837"
"2006","Vermont","3505.3"
"2007","Vermont","3510.1"
"2008","Vermont","3374"
"Reported crime in Vermont","Vermont",
"2004","Virginia","2343.6"
"2005","Virginia","2370"
"2006","Virginia","2368"
"2007","Virginia","2339"
"2008","Virginia","2559.8"
"Reported crime in Virginia","Virginia",
"2004","Washington","2678.2"
"2005","Washington","2649"
"2006","Washington","2479.6"
"2007","Washington","2480"
"2008","Washington","2531.8"
"Reported crime in Washington","Washington",
"2004","West Virginia","4846.7"
"2005","West Virginia","4890"
"2006","West Virginia","4483.3"
"2007","West Virginia","4026"
"2008","West Virginia","3785"
"Reported crime in West Virginia","West Virginia",
"2004","Wisconsin","2555.8"
"2005","Wisconsin","2633"
"2006","Wisconsin","2639.9"
"2007","Wisconsin","2543.6"
"2008","Wisconsin","2554.4"
"Reported crime in Wisconsin","Wisconsin",
"2004","Wyoming","2665.7"
"2005","Wyoming","2669"
"2006","Wyoming","2820"
"2007","Wyoming","2842.8"
"2008","Wyoming","2761.1"
"Reported crime in Wyoming","Wyoming",
"2004",,"3338.5"
"2005",,"3158"
"2006",,"2989.1"
"2007",,"2883.2"
"2008",,"2724.2"
