split,split1
"Sean  Kandel","1"
"Jeff  Heer","2"
"Joe  Hellerstein","3"
"Philip  Guo","4"
