split,split1,split2,split3
"two","columns",,
"three","columns","yeah",
"four","columns","woo","hoo"
"two","columns",,
"one column",,,
