split,split1,merge
"Sean","Kandel","Sean+Kandel"
"Jeff","Heer","Jeff+Heer"
"Joe","Hellerstein","Joe+Hellerstein"
"Philip","Guo","Philip+Guo"
