split,split1
"hello","world"
"get","rid of"
"all of these","single quotes"
