split,split2,split3,split5
"55660","11/5/2007","$10.00","$2130.00"
"90210","11/18/2007","$25.00","$325.00"
