split,value
"Toyota","White"
"Toyota","2000"
"Nissan","Red"
"Nissan","4000"
