split,Art&Des,CreatArt,D&T,English,Geo.
"Alice","B","A","A","A","A*"
"Bob","C","B","C","C","C"
