Toyota,White,_2000
"Name","Colour","Price"
"Nissan","Red","4000"
