split,split1
"orange","five"
"grape","four"
"carrot","three"
"banana","two"
"apple","one"
