split,split1
"apple","one"
"banana","two"
"carrot","three"
"grape","four"
"orange","five"
