split,split1
"123.456","four"
"3.14","three"
"2.71","two"
"1.44","one"
